$ tauri build
        Info Looking up installed tauri packages to check mismatched versions...
     Running beforeBuildCommand `pnpm build`
$ vite build
vite v8.3.0 building client environment for production...
transforming...
17:44:46 [vite-plugin-svelte] src/lib/components/ToolsDialog.svelte:32:22 This reference only captures the initial value of `baseDir`. Did you mean to reference it inside a closure instead?
https://svelte.dev/e/state_referenced_locally
30:   let dupRunning = $state(false);
31:   let dupGroups = $state<DuplicateGroup[]>([]);
32:   let dupRoot = $state(baseDir);
                                  ^
33:   $effect(() => {
34:     if (d) dupRoot = (focusedPanel.value === 0 ? panelA : panelB).cwd;
17:44:46 [vite-plugin-svelte] src/lib/components/ToolsDialog.svelte:65:19 This reference only captures the initial value of `baseDir`. Did you mean to reference it inside a closure instead?
https://svelte.dev/e/state_referenced_locally
63:   // ---- Vergleich ----
64:   let cmpRunning = $state(false);
65:   let cmpA = $state(baseDir);
                               ^
66:   let cmpB = $state(baseDir);
67:   let cmpDeep = $state(true);
17:44:46 [vite-plugin-svelte] src/lib/components/ToolsDialog.svelte:66:19 This reference only captures the initial value of `baseDir`. Did you mean to reference it inside a closure instead?
https://svelte.dev/e/state_referenced_locally
64:   let cmpRunning = $state(false);
65:   let cmpA = $state(baseDir);
66:   let cmpB = $state(baseDir);
                               ^
67:   let cmpDeep = $state(true);
68:   let cmpItems = $state<CompareItem[]>([]);
✓ 206 modules transformed.
rendering chunks...
computing gzip size...
build/index.html                       0.42 kB │ gzip:  0.29 kB
build/assets/xterm-B9RQW_iM.css        2.89 kB │ gzip:  0.77 kB
build/assets/index-CkKQpQ9L.css       11.11 kB │ gzip:  2.90 kB
build/assets/dist-js-B6YfbjQB.js       0.64 kB │ gzip:  0.35 kB
build/assets/properties-C357ku5U.js    0.66 kB │ gzip:  0.34 kB
build/assets/cmake-84nbDH0I.js         0.75 kB │ gzip:  0.45 kB
build/assets/toml-BPTmHmyx.js          1.04 kB │ gzip:  0.53 kB
build/assets/addon-fit-DSkpM2Cv.js     1.48 kB │ gzip:  0.64 kB
build/assets/yaml-DjjjKWKb.js          1.49 kB │ gzip:  0.71 kB
build/assets/dist-BXZUI2Dv.js          2.06 kB │ gzip:  1.29 kB
build/assets/shell-DwuoZtxw.js         2.43 kB │ gzip:  1.20 kB
build/assets/dockerfile-BDePf5PZ.js    4.12 kB │ gzip:  1.64 kB
build/assets/dist-BaY-nfrZ.js          8.51 kB │ gzip:  3.61 kB
build/assets/dist-BRsCJ1kw.js         15.91 kB │ gzip:  6.98 kB
build/assets/dist-D3DGNQ9_.js         20.12 kB │ gzip:  6.78 kB
build/assets/dist-D3uyJP0c.js         23.15 kB │ gzip:  7.89 kB
build/assets/dist-BEGy5rnH.js         26.45 kB │ gzip:  8.68 kB
build/assets/dist-CAoNDS1b.js         26.90 kB │ gzip: 12.74 kB
build/assets/dist--nyvkRQw.js         28.51 kB │ gzip: 11.59 kB
build/assets/dist-DqLnYedN.js         30.82 kB │ gzip: 12.77 kB
build/assets/dist-B9MzArQk.js         40.32 kB │ gzip: 16.79 kB
build/assets/dist-CTe9lasE.js         44.04 kB │ gzip: 15.19 kB
build/assets/dist-Dm6bqVFm.js         44.65 kB │ gzip: 19.36 kB
build/assets/dist-D3XPiu9n.js         49.73 kB │ gzip: 16.72 kB
build/assets/dist-2Cqjah3f.js         68.32 kB │ gzip: 23.22 kB
build/assets/dist-CrmHOWOI.js         83.75 kB │ gzip: 30.68 kB
build/assets/dist-6sc_g9NM.js         84.74 kB │ gzip: 33.79 kB
build/assets/dist-B1jI8lUw.js         98.22 kB │ gzip: 28.81 kB
build/assets/dist-DJejxb5p.js        103.99 kB │ gzip: 34.80 kB
build/assets/dist-CZgZVXrg.js        178.67 kB │ gzip: 57.96 kB
build/assets/index-DM-977Qt.js       193.55 kB │ gzip: 58.20 kB
build/assets/xterm-D7YGWSok.js       287.20 kB │ gzip: 67.83 kB

[33m[INEFFECTIVE_DYNAMIC_IMPORT] [0msrc/lib/stores.svelte.ts is dynamically imported by src/lib/components/SettingsDialog.svelte but also statically imported by src/App.svelte, src/lib/components/ArchiveDialog.svelte, src/lib/components/Breadcrumb.svelte, src/lib/components/ConfirmDialogs.svelte, src/lib/components/ConflictDialog.svelte, ..., dynamic import will not move module into another chunk.

[33m[INEFFECTIVE_DYNAMIC_IMPORT] [0msrc/lib/api.ts is dynamically imported by src/App.svelte, src/lib/components/SearchDialog.svelte, src/lib/components/Sidebar.svelte but also statically imported by src/App.svelte, src/lib/components/ArchiveDialog.svelte, src/lib/components/Breadcrumb.svelte, src/lib/components/ConfirmDialogs.svelte, src/lib/components/ConflictDialog.svelte, ..., dynamic import will not move module into another chunk.

✓ built in 877ms
   Compiling compound v1.0.0 (/home/sam/compound/src-tauri)
    Finished `release` profile [optimized] target(s) in 3m 03s
       Built application at: /home/sam/compound/src-tauri/target/release/compound
        Info Patching /home/sam/compound/src-tauri/target/release/compound with bundle type information: deb
    Bundling Compound_1.0.0_amd64.deb (/home/sam/compound/src-tauri/target/release/bundle/deb/Compound_1.0.0_amd64.deb)
        Info Patching /home/sam/compound/src-tauri/target/release/compound with bundle type information: appimage
    Bundling Compound_1.0.0_amd64.AppImage (/home/sam/compound/src-tauri/target/release/bundle/appimage/Compound_1.0.0_amd64.AppImage)
    Finished 2 bundles at:
        /home/sam/compound/src-tauri/target/release/bundle/deb/Compound_1.0.0_amd64.deb
        /home/sam/compound/src-tauri/target/release/bundle/appimage/Compound_1.0.0_amd64.AppImage

